// Jest Snapshot v1, https://goo.gl/fbAQLP

exports[`GET ONE /product Check contains of response response body contains property 1`] = `
Object {
  "barcode": null,
  "brand_id": 1,
  "brand_name": "Les gourmands verts",
  "category_name": "loisirs",
  "created_at": "2022-08-05T14:25:17.071Z",
  "depth": null,
  "description": StringNotMatching /UwU/,
  "expiration_date": null,
  "height": null,
  "id": Any<Number>,
  "image": "https://res.cloudinary.com/drjw8g2yn/image/upload/v1658906849/visuels%20produits/Loisirs/Les%20gourmands%20Verts/coursCuisine_miniature_wsv61x.jpg",
  "location": "Toulouse",
  "name": StringMatching /\\[a-zA-Z\\]/,
  "price_ht": "99.00",
  "price_kg": null,
  "price_promo": null,
  "price_ttc": "99.00",
  "product_id": 1,
  "product_name": StringMatching /\\[a-zA-Z\\]/,
  "size": null,
  "sub_category_id": 13,
  "sub_category_name": "Cuisine",
  "tva_id": 5,
  "updated_at": null,
  "weight": null,
  "width": null,
}
`;
